MPLINK 5.09, LINKER
Linker Map File - Created Thu Jun 23 12:48:44 2022

                                 Section Info
                  Section       Type    Address   Location Size(Bytes)
                ---------  ---------  ---------  ---------  ---------
                   .org_0       code   0x000000    program   0x000000
                   .org_2       code   0x000000    program   0x000002
                   .org_3       code   0x000004    program   0x00045a
.config_2007_CERRADURA_2.O       code   0x002007    program   0x000002
                   .org_1       code   0x002100    program   0x00000c



                              Program Memory Usage 
                               Start         End      
                           ---------   ---------      
                            0x000000    0x000000      
                            0x000004    0x000230      
                            0x002007    0x002007      
                            0x002100    0x002105      
            565 out of 1094 program addresses used, program memory utilization is 51%



                              Symbols - Sorted by Name
                     Name    Address   Location    Storage File                     
                ---------  ---------  ---------  --------- ---------                
              AbrirPuerta   0x000089    program     static C:\Users\Asus\Documents\DIGITALES II\TECLADO_09\CERRADURA_2.ASM
            Abrir_o_Clave   0x000085    program     static C:\Users\Asus\Documents\DIGITALES II\TECLADO_09\CERRADURA_2.ASM
              CambiaClave   0x00008f    program     static C:\Users\Asus\Documents\DIGITALES II\TECLADO_09\CERRADURA_2.ASM
            ClaveCorrecta   0x000074    program     static C:\Users\Asus\Documents\DIGITALES II\TECLADO_09\CERRADURA_2.ASM
          ClaveIncorrecta   0x0000b4    program     static C:\Users\Asus\Documents\DIGITALES II\TECLADO_09\CERRADURA_2.ASM
            ComparaClaves   0x000067    program     static C:\Users\Asus\Documents\DIGITALES II\TECLADO_09\CERRADURA_2.ASM
                 Decision   0x00007e    program     static C:\Users\Asus\Documents\DIGITALES II\TECLADO_09\CERRADURA_2.ASM
       EEPROM_EscribeDato   0x00021d    program     static C:\USERS\ASUS\DOCUMENTS\DIGITALES II\TECLADO_09\EEPROM.INC
           EEPROM_LeeDato   0x000214    program     static C:\USERS\ASUS\DOCUMENTS\DIGITALES II\TECLADO_09\EEPROM.INC
      EEPROM_SigueLeyendo   0x000218    program     static C:\USERS\ASUS\DOCUMENTS\DIGITALES II\TECLADO_09\EEPROM.INC
   EEPROM_TerminaEscribir   0x000229    program     static C:\USERS\ASUS\DOCUMENTS\DIGITALES II\TECLADO_09\EEPROM.INC
                    Falta   0x0000af    program     static C:\Users\Asus\Documents\DIGITALES II\TECLADO_09\CERRADURA_2.ASM
          FinInterrupcion   0x0000c2    program     static C:\Users\Asus\Documents\DIGITALES II\TECLADO_09\CERRADURA_2.ASM
           InicializaTodo   0x0000b8    program     static C:\Users\Asus\Documents\DIGITALES II\TECLADO_09\CERRADURA_2.ASM
                   Inicio   0x000045    program     static C:\Users\Asus\Documents\DIGITALES II\TECLADO_09\CERRADURA_2.ASM
      LCD_2Lineas4Bits5x7   0x00015f    program     static C:\USERS\ASUS\DOCUMENTS\DIGITALES II\TECLADO_09\LCD_4BIT.INC
                LCD_Borra   0x00015d    program     static C:\USERS\ASUS\DOCUMENTS\DIGITALES II\TECLADO_09\LCD_4BIT.INC
                 LCD_Byte   0x00018f    program     static C:\USERS\ASUS\DOCUMENTS\DIGITALES II\TECLADO_09\LCD_4BIT.INC
         LCD_ByteCompleto   0x000196    program     static C:\USERS\ASUS\DOCUMENTS\DIGITALES II\TECLADO_09\LCD_4BIT.INC
             LCD_Caracter   0x000162    program     static C:\USERS\ASUS\DOCUMENTS\DIGITALES II\TECLADO_09\LCD_4BIT.INC
          LCD_CodigoCGROM   0x00016c    program     static C:\USERS\ASUS\DOCUMENTS\DIGITALES II\TECLADO_09\LCD_4BIT.INC
           LCD_CursorIncr   0x000149    program     static C:\USERS\ASUS\DOCUMENTS\DIGITALES II\TECLADO_09\LCD_4BIT.INC
            LCD_CursorOFF   0x00015b    program     static C:\USERS\ASUS\DOCUMENTS\DIGITALES II\TECLADO_09\LCD_4BIT.INC
             LCD_CursorON   0x000159    program     static C:\USERS\ASUS\DOCUMENTS\DIGITALES II\TECLADO_09\LCD_4BIT.INC
   LCD_DosEspaciosBlancos   0x000186    program     static C:\USERS\ASUS\DOCUMENTS\DIGITALES II\TECLADO_09\LCD_4BIT.INC
        LCD_EnheMayuscula   0x000173    program     static C:\USERS\ASUS\DOCUMENTS\DIGITALES II\TECLADO_09\LCD_4BIT.INC
        LCD_EnheMinuscula   0x00016d    program     static C:\USERS\ASUS\DOCUMENTS\DIGITALES II\TECLADO_09\LCD_4BIT.INC
                LCD_Envia   0x000164    program     static C:\USERS\ASUS\DOCUMENTS\DIGITALES II\TECLADO_09\LCD_4BIT.INC
         LCD_EnviaBlancos   0x000189    program     static C:\USERS\ASUS\DOCUMENTS\DIGITALES II\TECLADO_09\LCD_4BIT.INC
       LCD_EnviaByteLetra   0x0001a2    program     static C:\USERS\ASUS\DOCUMENTS\DIGITALES II\TECLADO_09\LCD_4BIT.INC
         LCD_EnviaComando   0x000160    program     static C:\USERS\ASUS\DOCUMENTS\DIGITALES II\TECLADO_09\LCD_4BIT.INC
      LCD_EnviaOtroBlanco   0x00018a    program     static C:\USERS\ASUS\DOCUMENTS\DIGITALES II\TECLADO_09\LCD_4BIT.INC
         LCD_EsFinalLinea   0x0001bd    program     static C:\USERS\ASUS\DOCUMENTS\DIGITALES II\TECLADO_09\LCD_MENS.INC
           LCD_EscribeLCD   0x000135    program     static C:\USERS\ASUS\DOCUMENTS\DIGITALES II\TECLADO_09\LCD_4BIT.INC
             LCD_FinCGROM   0x000180    program     static C:\USERS\ASUS\DOCUMENTS\DIGITALES II\TECLADO_09\LCD_4BIT.INC
           LCD_FinMensaje   0x0001b2    program     static C:\USERS\ASUS\DOCUMENTS\DIGITALES II\TECLADO_09\LCD_MENS.INC
        LCD_FinMovimiento   0x0001cc    program     static C:\USERS\ASUS\DOCUMENTS\DIGITALES II\TECLADO_09\LCD_MENS.INC
   LCD_FinVisualizaDigito   0x0001a4    program     static C:\USERS\ASUS\DOCUMENTS\DIGITALES II\TECLADO_09\LCD_4BIT.INC
                LCD_Grado   0x00017a    program     static C:\USERS\ASUS\DOCUMENTS\DIGITALES II\TECLADO_09\LCD_4BIT.INC
           LCD_Inicializa   0x00011b    program     static C:\USERS\ASUS\DOCUMENTS\DIGITALES II\TECLADO_09\LCD_4BIT.INC
               LCD_Linea1   0x00014b    program     static C:\USERS\ASUS\DOCUMENTS\DIGITALES II\TECLADO_09\LCD_4BIT.INC
               LCD_Linea2   0x00014d    program     static C:\USERS\ASUS\DOCUMENTS\DIGITALES II\TECLADO_09\LCD_4BIT.INC
               LCD_Linea3   0x00014f    program     static C:\USERS\ASUS\DOCUMENTS\DIGITALES II\TECLADO_09\LCD_4BIT.INC
               LCD_Linea4   0x000151    program     static C:\USERS\ASUS\DOCUMENTS\DIGITALES II\TECLADO_09\LCD_4BIT.INC
        LCD_LineaEnBlanco   0x000182    program     static C:\USERS\ASUS\DOCUMENTS\DIGITALES II\TECLADO_09\LCD_4BIT.INC
              LCD_Mensaje   0x0001a5    program     static C:\USERS\ASUS\DOCUMENTS\DIGITALES II\TECLADO_09\LCD_MENS.INC
    LCD_MensajeMovimiento   0x0001b3    program     static C:\USERS\ASUS\DOCUMENTS\DIGITALES II\TECLADO_09\LCD_MENS.INC
               LCD_Nibble   0x00019a    program     static C:\USERS\ASUS\DOCUMENTS\DIGITALES II\TECLADO_09\LCD_4BIT.INC
       LCD_NoEsFinalLinea   0x0001c2    program     static C:\USERS\ASUS\DOCUMENTS\DIGITALES II\TECLADO_09\LCD_MENS.INC
     LCD_NoUltimoCaracter   0x0001af    program     static C:\USERS\ASUS\DOCUMENTS\DIGITALES II\TECLADO_09\LCD_MENS.INC
    LCD_NoUltimoCaracter2   0x0001c8    program     static C:\USERS\ASUS\DOCUMENTS\DIGITALES II\TECLADO_09\LCD_MENS.INC
                  LCD_OFF   0x000157    program     static C:\USERS\ASUS\DOCUMENTS\DIGITALES II\TECLADO_09\LCD_4BIT.INC
       LCD_PosicionLinea1   0x000153    program     static C:\USERS\ASUS\DOCUMENTS\DIGITALES II\TECLADO_09\LCD_4BIT.INC
       LCD_PosicionLinea2   0x000155    program     static C:\USERS\ASUS\DOCUMENTS\DIGITALES II\TECLADO_09\LCD_4BIT.INC
      LCD_PrimeraPosicion   0x0001b7    program     static C:\USERS\ASUS\DOCUMENTS\DIGITALES II\TECLADO_09\LCD_MENS.INC
  LCD_TresEspaciosBlancos   0x000188    program     static C:\USERS\ASUS\DOCUMENTS\DIGITALES II\TECLADO_09\LCD_4BIT.INC
      LCD_UnEspacioBlanco   0x000184    program     static C:\USERS\ASUS\DOCUMENTS\DIGITALES II\TECLADO_09\LCD_4BIT.INC
        LCD_VisualizaAlto   0x000197    program     static C:\USERS\ASUS\DOCUMENTS\DIGITALES II\TECLADO_09\LCD_4BIT.INC
        LCD_VisualizaBajo   0x000199    program     static C:\USERS\ASUS\DOCUMENTS\DIGITALES II\TECLADO_09\LCD_4BIT.INC
    LCD_VisualizaCaracter   0x0001b9    program     static C:\USERS\ASUS\DOCUMENTS\DIGITALES II\TECLADO_09\LCD_MENS.INC
LCD_VisualizaOtroCaracter   0x0001a9    program     static C:\USERS\ASUS\DOCUMENTS\DIGITALES II\TECLADO_09\LCD_MENS.INC
        MensajeAbraPuerta   0x000014    program     static C:\Users\Asus\Documents\DIGITALES II\TECLADO_09\CERRADURA_2.ASM
       MensajeAbrirPuerta   0x00001a    program     static C:\Users\Asus\Documents\DIGITALES II\TECLADO_09\CERRADURA_2.ASM
      MensajeCambiarClave   0x000024    program     static C:\Users\Asus\Documents\DIGITALES II\TECLADO_09\CERRADURA_2.ASM
   MensajeClaveIncorrecta   0x00002e    program     static C:\Users\Asus\Documents\DIGITALES II\TECLADO_09\CERRADURA_2.ASM
      MensajeEscribaClave   0x000039    program     static C:\Users\Asus\Documents\DIGITALES II\TECLADO_09\CERRADURA_2.ASM
            MensajeTeclee   0x000006    program     static C:\Users\Asus\Documents\DIGITALES II\TECLADO_09\CERRADURA_2.ASM
                 Mensajes   0x000005    program     static C:\Users\Asus\Documents\DIGITALES II\TECLADO_09\CERRADURA_2.ASM
                Principal   0x00004d    program     static C:\Users\Asus\Documents\DIGITALES II\TECLADO_09\CERRADURA_2.ASM
    R1Decima_BucleExterno   0x00020a    program     static C:\USERS\ASUS\DOCUMENTS\DIGITALES II\TECLADO_09\RETARDOS.INC
   R1Decima_BucleExterno2   0x000208    program     static C:\USERS\ASUS\DOCUMENTS\DIGITALES II\TECLADO_09\RETARDOS.INC
    R1Decima_BucleInterno   0x00020c    program     static C:\USERS\ASUS\DOCUMENTS\DIGITALES II\TECLADO_09\RETARDOS.INC
        R1ms_BucleExterno   0x0001f4    program     static C:\USERS\ASUS\DOCUMENTS\DIGITALES II\TECLADO_09\RETARDOS.INC
        R1ms_BucleInterno   0x0001f6    program     static C:\USERS\ASUS\DOCUMENTS\DIGITALES II\TECLADO_09\RETARDOS.INC
                  Retardo   0x0000b6    program     static C:\Users\Asus\Documents\DIGITALES II\TECLADO_09\CERRADURA_2.ASM
            RetardoMicros   0x0001e0    program     static C:\USERS\ASUS\DOCUMENTS\DIGITALES II\TECLADO_09\RETARDOS.INC
        Retardo_100micros   0x0001da    program     static C:\USERS\ASUS\DOCUMENTS\DIGITALES II\TECLADO_09\RETARDOS.INC
            Retardo_100ms   0x0001e6    program     static C:\USERS\ASUS\DOCUMENTS\DIGITALES II\TECLADO_09\RETARDOS.INC
         Retardo_10micros   0x0001cd    program     static C:\USERS\ASUS\DOCUMENTS\DIGITALES II\TECLADO_09\RETARDOS.INC
             Retardo_10ms   0x0001ec    program     static C:\USERS\ASUS\DOCUMENTS\DIGITALES II\TECLADO_09\RETARDOS.INC
              Retardo_10s   0x0001fe    program     static C:\USERS\ASUS\DOCUMENTS\DIGITALES II\TECLADO_09\RETARDOS.INC
          Retardo_1Decima   0x000207    program     static C:\USERS\ASUS\DOCUMENTS\DIGITALES II\TECLADO_09\RETARDOS.INC
              Retardo_1ms   0x0001f2    program     static C:\USERS\ASUS\DOCUMENTS\DIGITALES II\TECLADO_09\RETARDOS.INC
               Retardo_1s   0x000204    program     static C:\USERS\ASUS\DOCUMENTS\DIGITALES II\TECLADO_09\RETARDOS.INC
        Retardo_200micros   0x0001d7    program     static C:\USERS\ASUS\DOCUMENTS\DIGITALES II\TECLADO_09\RETARDOS.INC
            Retardo_200ms   0x0001e4    program     static C:\USERS\ASUS\DOCUMENTS\DIGITALES II\TECLADO_09\RETARDOS.INC
         Retardo_20micros   0x0001df    program     static C:\USERS\ASUS\DOCUMENTS\DIGITALES II\TECLADO_09\RETARDOS.INC
             Retardo_20ms   0x0001ea    program     static C:\USERS\ASUS\DOCUMENTS\DIGITALES II\TECLADO_09\RETARDOS.INC
              Retardo_20s   0x0001fc    program     static C:\USERS\ASUS\DOCUMENTS\DIGITALES II\TECLADO_09\RETARDOS.INC
              Retardo_2ms   0x0001f0    program     static C:\USERS\ASUS\DOCUMENTS\DIGITALES II\TECLADO_09\RETARDOS.INC
               Retardo_2s   0x000202    program     static C:\USERS\ASUS\DOCUMENTS\DIGITALES II\TECLADO_09\RETARDOS.INC
          Retardo_4micros   0x0001d3    program     static C:\USERS\ASUS\DOCUMENTS\DIGITALES II\TECLADO_09\RETARDOS.INC
        Retardo_500micros   0x0001d4    program     static C:\USERS\ASUS\DOCUMENTS\DIGITALES II\TECLADO_09\RETARDOS.INC
            Retardo_500ms   0x000206    program     static C:\USERS\ASUS\DOCUMENTS\DIGITALES II\TECLADO_09\RETARDOS.INC
         Retardo_50micros   0x0001dc    program     static C:\USERS\ASUS\DOCUMENTS\DIGITALES II\TECLADO_09\RETARDOS.INC
             Retardo_50ms   0x0001e8    program     static C:\USERS\ASUS\DOCUMENTS\DIGITALES II\TECLADO_09\RETARDOS.INC
          Retardo_5micros   0x0001d2    program     static C:\USERS\ASUS\DOCUMENTS\DIGITALES II\TECLADO_09\RETARDOS.INC
              Retardo_5ms   0x0001ee    program     static C:\USERS\ASUS\DOCUMENTS\DIGITALES II\TECLADO_09\RETARDOS.INC
               Retardo_5s   0x000200    program     static C:\USERS\ASUS\DOCUMENTS\DIGITALES II\TECLADO_09\RETARDOS.INC
              Retardos_ms   0x0001f3    program     static C:\USERS\ASUS\DOCUMENTS\DIGITALES II\TECLADO_09\RETARDOS.INC
            Rmicros_Bucle   0x0001e1    program     static C:\USERS\ASUS\DOCUMENTS\DIGITALES II\TECLADO_09\RETARDOS.INC
            SegundoVector   0x000080    program     static C:\Users\Asus\Documents\DIGITALES II\TECLADO_09\CERRADURA_2.ASM
     ServicioInterrupcion   0x00004f    program     static C:\Users\Asus\Documents\DIGITALES II\TECLADO_09\CERRADURA_2.ASM
         Tecl_ChequeaFila   0x000102    program     static C:\USERS\ASUS\DOCUMENTS\DIGITALES II\TECLADO_09\TECLADO.INC
            Tecl_Columna1   0x000103    program     static C:\USERS\ASUS\DOCUMENTS\DIGITALES II\TECLADO_09\TECLADO.INC
            Tecl_Columna2   0x000106    program     static C:\USERS\ASUS\DOCUMENTS\DIGITALES II\TECLADO_09\TECLADO.INC
            Tecl_Columna3   0x000109    program     static C:\USERS\ASUS\DOCUMENTS\DIGITALES II\TECLADO_09\TECLADO.INC
            Tecl_Columna4   0x00010c    program     static C:\USERS\ASUS\DOCUMENTS\DIGITALES II\TECLADO_09\TECLADO.INC
Tecl_ConvierteOrdenEnASCII   0x0000cb    program     static C:\USERS\ASUS\DOCUMENTS\DIGITALES II\TECLADO_09\TECLADO.INC
 Tecl_ConvierteOrdenEnHex   0x0000e2    program     static C:\USERS\ASUS\DOCUMENTS\DIGITALES II\TECLADO_09\TECLADO.INC
         Tecl_FinLeeASCII   0x0000ca    program     static C:\USERS\ASUS\DOCUMENTS\DIGITALES II\TECLADO_09\TECLADO.INC
           Tecl_FinLeeHex   0x0000e1    program     static C:\USERS\ASUS\DOCUMENTS\DIGITALES II\TECLADO_09\TECLADO.INC
       Tecl_FinTecladoLee   0x00011a    program     static C:\USERS\ASUS\DOCUMENTS\DIGITALES II\TECLADO_09\TECLADO.INC
         Tecl_GuardaValor   0x000118    program     static C:\USERS\ASUS\DOCUMENTS\DIGITALES II\TECLADO_09\TECLADO.INC
           Tecl_NoPulsada   0x000116    program     static C:\USERS\ASUS\DOCUMENTS\DIGITALES II\TECLADO_09\TECLADO.INC
     Tecl_TerminaColumnas   0x00010f    program     static C:\USERS\ASUS\DOCUMENTS\DIGITALES II\TECLADO_09\TECLADO.INC
 Teclado_EsperaDejePulsar   0x0000f8    program     static C:\USERS\ASUS\DOCUMENTS\DIGITALES II\TECLADO_09\TECLADO.INC
    Teclado_FinTablaASCII   0x0000dc    program     static C:\USERS\ASUS\DOCUMENTS\DIGITALES II\TECLADO_09\TECLADO.INC
      Teclado_FinTablaHex   0x0000f3    program     static C:\USERS\ASUS\DOCUMENTS\DIGITALES II\TECLADO_09\TECLADO.INC
       Teclado_Inicializa   0x0000f3    program     static C:\USERS\ASUS\DOCUMENTS\DIGITALES II\TECLADO_09\TECLADO.INC
         Teclado_LeeASCII   0x0000c5    program     static C:\USERS\ASUS\DOCUMENTS\DIGITALES II\TECLADO_09\TECLADO.INC
           Teclado_LeeHex   0x0000dc    program     static C:\USERS\ASUS\DOCUMENTS\DIGITALES II\TECLADO_09\TECLADO.INC
    Teclado_LeeOrdenTecla   0x000100    program     static C:\USERS\ASUS\DOCUMENTS\DIGITALES II\TECLADO_09\TECLADO.INC
   Teclado_SigueEsperando   0x0000fa    program     static C:\USERS\ASUS\DOCUMENTS\DIGITALES II\TECLADO_09\TECLADO.INC
             clave_EEPROM   0x00009e    program     static C:\Users\Asus\Documents\DIGITALES II\TECLADO_09\CERRADURA_2.ASM
                      mas   0x0000b2    program     static C:\Users\Asus\Documents\DIGITALES II\TECLADO_09\CERRADURA_2.ASM
                mas_clave   0x00009c    program     static C:\Users\Asus\Documents\DIGITALES II\TECLADO_09\CERRADURA_2.ASM



                              Symbols - Sorted by Address
                     Name    Address   Location    Storage File                     
                ---------  ---------  ---------  --------- ---------                
                 Mensajes   0x000005    program     static C:\Users\Asus\Documents\DIGITALES II\TECLADO_09\CERRADURA_2.ASM
            MensajeTeclee   0x000006    program     static C:\Users\Asus\Documents\DIGITALES II\TECLADO_09\CERRADURA_2.ASM
        MensajeAbraPuerta   0x000014    program     static C:\Users\Asus\Documents\DIGITALES II\TECLADO_09\CERRADURA_2.ASM
       MensajeAbrirPuerta   0x00001a    program     static C:\Users\Asus\Documents\DIGITALES II\TECLADO_09\CERRADURA_2.ASM
      MensajeCambiarClave   0x000024    program     static C:\Users\Asus\Documents\DIGITALES II\TECLADO_09\CERRADURA_2.ASM
   MensajeClaveIncorrecta   0x00002e    program     static C:\Users\Asus\Documents\DIGITALES II\TECLADO_09\CERRADURA_2.ASM
      MensajeEscribaClave   0x000039    program     static C:\Users\Asus\Documents\DIGITALES II\TECLADO_09\CERRADURA_2.ASM
                   Inicio   0x000045    program     static C:\Users\Asus\Documents\DIGITALES II\TECLADO_09\CERRADURA_2.ASM
                Principal   0x00004d    program     static C:\Users\Asus\Documents\DIGITALES II\TECLADO_09\CERRADURA_2.ASM
     ServicioInterrupcion   0x00004f    program     static C:\Users\Asus\Documents\DIGITALES II\TECLADO_09\CERRADURA_2.ASM
            ComparaClaves   0x000067    program     static C:\Users\Asus\Documents\DIGITALES II\TECLADO_09\CERRADURA_2.ASM
            ClaveCorrecta   0x000074    program     static C:\Users\Asus\Documents\DIGITALES II\TECLADO_09\CERRADURA_2.ASM
                 Decision   0x00007e    program     static C:\Users\Asus\Documents\DIGITALES II\TECLADO_09\CERRADURA_2.ASM
            SegundoVector   0x000080    program     static C:\Users\Asus\Documents\DIGITALES II\TECLADO_09\CERRADURA_2.ASM
            Abrir_o_Clave   0x000085    program     static C:\Users\Asus\Documents\DIGITALES II\TECLADO_09\CERRADURA_2.ASM
              AbrirPuerta   0x000089    program     static C:\Users\Asus\Documents\DIGITALES II\TECLADO_09\CERRADURA_2.ASM
              CambiaClave   0x00008f    program     static C:\Users\Asus\Documents\DIGITALES II\TECLADO_09\CERRADURA_2.ASM
                mas_clave   0x00009c    program     static C:\Users\Asus\Documents\DIGITALES II\TECLADO_09\CERRADURA_2.ASM
             clave_EEPROM   0x00009e    program     static C:\Users\Asus\Documents\DIGITALES II\TECLADO_09\CERRADURA_2.ASM
                    Falta   0x0000af    program     static C:\Users\Asus\Documents\DIGITALES II\TECLADO_09\CERRADURA_2.ASM
                      mas   0x0000b2    program     static C:\Users\Asus\Documents\DIGITALES II\TECLADO_09\CERRADURA_2.ASM
          ClaveIncorrecta   0x0000b4    program     static C:\Users\Asus\Documents\DIGITALES II\TECLADO_09\CERRADURA_2.ASM
                  Retardo   0x0000b6    program     static C:\Users\Asus\Documents\DIGITALES II\TECLADO_09\CERRADURA_2.ASM
           InicializaTodo   0x0000b8    program     static C:\Users\Asus\Documents\DIGITALES II\TECLADO_09\CERRADURA_2.ASM
          FinInterrupcion   0x0000c2    program     static C:\Users\Asus\Documents\DIGITALES II\TECLADO_09\CERRADURA_2.ASM
         Teclado_LeeASCII   0x0000c5    program     static C:\USERS\ASUS\DOCUMENTS\DIGITALES II\TECLADO_09\TECLADO.INC
         Tecl_FinLeeASCII   0x0000ca    program     static C:\USERS\ASUS\DOCUMENTS\DIGITALES II\TECLADO_09\TECLADO.INC
Tecl_ConvierteOrdenEnASCII   0x0000cb    program     static C:\USERS\ASUS\DOCUMENTS\DIGITALES II\TECLADO_09\TECLADO.INC
           Teclado_LeeHex   0x0000dc    program     static C:\USERS\ASUS\DOCUMENTS\DIGITALES II\TECLADO_09\TECLADO.INC
    Teclado_FinTablaASCII   0x0000dc    program     static C:\USERS\ASUS\DOCUMENTS\DIGITALES II\TECLADO_09\TECLADO.INC
           Tecl_FinLeeHex   0x0000e1    program     static C:\USERS\ASUS\DOCUMENTS\DIGITALES II\TECLADO_09\TECLADO.INC
 Tecl_ConvierteOrdenEnHex   0x0000e2    program     static C:\USERS\ASUS\DOCUMENTS\DIGITALES II\TECLADO_09\TECLADO.INC
      Teclado_FinTablaHex   0x0000f3    program     static C:\USERS\ASUS\DOCUMENTS\DIGITALES II\TECLADO_09\TECLADO.INC
       Teclado_Inicializa   0x0000f3    program     static C:\USERS\ASUS\DOCUMENTS\DIGITALES II\TECLADO_09\TECLADO.INC
 Teclado_EsperaDejePulsar   0x0000f8    program     static C:\USERS\ASUS\DOCUMENTS\DIGITALES II\TECLADO_09\TECLADO.INC
   Teclado_SigueEsperando   0x0000fa    program     static C:\USERS\ASUS\DOCUMENTS\DIGITALES II\TECLADO_09\TECLADO.INC
    Teclado_LeeOrdenTecla   0x000100    program     static C:\USERS\ASUS\DOCUMENTS\DIGITALES II\TECLADO_09\TECLADO.INC
         Tecl_ChequeaFila   0x000102    program     static C:\USERS\ASUS\DOCUMENTS\DIGITALES II\TECLADO_09\TECLADO.INC
            Tecl_Columna1   0x000103    program     static C:\USERS\ASUS\DOCUMENTS\DIGITALES II\TECLADO_09\TECLADO.INC
            Tecl_Columna2   0x000106    program     static C:\USERS\ASUS\DOCUMENTS\DIGITALES II\TECLADO_09\TECLADO.INC
            Tecl_Columna3   0x000109    program     static C:\USERS\ASUS\DOCUMENTS\DIGITALES II\TECLADO_09\TECLADO.INC
            Tecl_Columna4   0x00010c    program     static C:\USERS\ASUS\DOCUMENTS\DIGITALES II\TECLADO_09\TECLADO.INC
     Tecl_TerminaColumnas   0x00010f    program     static C:\USERS\ASUS\DOCUMENTS\DIGITALES II\TECLADO_09\TECLADO.INC
           Tecl_NoPulsada   0x000116    program     static C:\USERS\ASUS\DOCUMENTS\DIGITALES II\TECLADO_09\TECLADO.INC
         Tecl_GuardaValor   0x000118    program     static C:\USERS\ASUS\DOCUMENTS\DIGITALES II\TECLADO_09\TECLADO.INC
       Tecl_FinTecladoLee   0x00011a    program     static C:\USERS\ASUS\DOCUMENTS\DIGITALES II\TECLADO_09\TECLADO.INC
           LCD_Inicializa   0x00011b    program     static C:\USERS\ASUS\DOCUMENTS\DIGITALES II\TECLADO_09\LCD_4BIT.INC
           LCD_EscribeLCD   0x000135    program     static C:\USERS\ASUS\DOCUMENTS\DIGITALES II\TECLADO_09\LCD_4BIT.INC
           LCD_CursorIncr   0x000149    program     static C:\USERS\ASUS\DOCUMENTS\DIGITALES II\TECLADO_09\LCD_4BIT.INC
               LCD_Linea1   0x00014b    program     static C:\USERS\ASUS\DOCUMENTS\DIGITALES II\TECLADO_09\LCD_4BIT.INC
               LCD_Linea2   0x00014d    program     static C:\USERS\ASUS\DOCUMENTS\DIGITALES II\TECLADO_09\LCD_4BIT.INC
               LCD_Linea3   0x00014f    program     static C:\USERS\ASUS\DOCUMENTS\DIGITALES II\TECLADO_09\LCD_4BIT.INC
               LCD_Linea4   0x000151    program     static C:\USERS\ASUS\DOCUMENTS\DIGITALES II\TECLADO_09\LCD_4BIT.INC
       LCD_PosicionLinea1   0x000153    program     static C:\USERS\ASUS\DOCUMENTS\DIGITALES II\TECLADO_09\LCD_4BIT.INC
       LCD_PosicionLinea2   0x000155    program     static C:\USERS\ASUS\DOCUMENTS\DIGITALES II\TECLADO_09\LCD_4BIT.INC
                  LCD_OFF   0x000157    program     static C:\USERS\ASUS\DOCUMENTS\DIGITALES II\TECLADO_09\LCD_4BIT.INC
             LCD_CursorON   0x000159    program     static C:\USERS\ASUS\DOCUMENTS\DIGITALES II\TECLADO_09\LCD_4BIT.INC
            LCD_CursorOFF   0x00015b    program     static C:\USERS\ASUS\DOCUMENTS\DIGITALES II\TECLADO_09\LCD_4BIT.INC
                LCD_Borra   0x00015d    program     static C:\USERS\ASUS\DOCUMENTS\DIGITALES II\TECLADO_09\LCD_4BIT.INC
      LCD_2Lineas4Bits5x7   0x00015f    program     static C:\USERS\ASUS\DOCUMENTS\DIGITALES II\TECLADO_09\LCD_4BIT.INC
         LCD_EnviaComando   0x000160    program     static C:\USERS\ASUS\DOCUMENTS\DIGITALES II\TECLADO_09\LCD_4BIT.INC
             LCD_Caracter   0x000162    program     static C:\USERS\ASUS\DOCUMENTS\DIGITALES II\TECLADO_09\LCD_4BIT.INC
                LCD_Envia   0x000164    program     static C:\USERS\ASUS\DOCUMENTS\DIGITALES II\TECLADO_09\LCD_4BIT.INC
          LCD_CodigoCGROM   0x00016c    program     static C:\USERS\ASUS\DOCUMENTS\DIGITALES II\TECLADO_09\LCD_4BIT.INC
        LCD_EnheMinuscula   0x00016d    program     static C:\USERS\ASUS\DOCUMENTS\DIGITALES II\TECLADO_09\LCD_4BIT.INC
        LCD_EnheMayuscula   0x000173    program     static C:\USERS\ASUS\DOCUMENTS\DIGITALES II\TECLADO_09\LCD_4BIT.INC
                LCD_Grado   0x00017a    program     static C:\USERS\ASUS\DOCUMENTS\DIGITALES II\TECLADO_09\LCD_4BIT.INC
             LCD_FinCGROM   0x000180    program     static C:\USERS\ASUS\DOCUMENTS\DIGITALES II\TECLADO_09\LCD_4BIT.INC
        LCD_LineaEnBlanco   0x000182    program     static C:\USERS\ASUS\DOCUMENTS\DIGITALES II\TECLADO_09\LCD_4BIT.INC
      LCD_UnEspacioBlanco   0x000184    program     static C:\USERS\ASUS\DOCUMENTS\DIGITALES II\TECLADO_09\LCD_4BIT.INC
   LCD_DosEspaciosBlancos   0x000186    program     static C:\USERS\ASUS\DOCUMENTS\DIGITALES II\TECLADO_09\LCD_4BIT.INC
  LCD_TresEspaciosBlancos   0x000188    program     static C:\USERS\ASUS\DOCUMENTS\DIGITALES II\TECLADO_09\LCD_4BIT.INC
         LCD_EnviaBlancos   0x000189    program     static C:\USERS\ASUS\DOCUMENTS\DIGITALES II\TECLADO_09\LCD_4BIT.INC
      LCD_EnviaOtroBlanco   0x00018a    program     static C:\USERS\ASUS\DOCUMENTS\DIGITALES II\TECLADO_09\LCD_4BIT.INC
                 LCD_Byte   0x00018f    program     static C:\USERS\ASUS\DOCUMENTS\DIGITALES II\TECLADO_09\LCD_4BIT.INC
         LCD_ByteCompleto   0x000196    program     static C:\USERS\ASUS\DOCUMENTS\DIGITALES II\TECLADO_09\LCD_4BIT.INC
        LCD_VisualizaAlto   0x000197    program     static C:\USERS\ASUS\DOCUMENTS\DIGITALES II\TECLADO_09\LCD_4BIT.INC
        LCD_VisualizaBajo   0x000199    program     static C:\USERS\ASUS\DOCUMENTS\DIGITALES II\TECLADO_09\LCD_4BIT.INC
               LCD_Nibble   0x00019a    program     static C:\USERS\ASUS\DOCUMENTS\DIGITALES II\TECLADO_09\LCD_4BIT.INC
       LCD_EnviaByteLetra   0x0001a2    program     static C:\USERS\ASUS\DOCUMENTS\DIGITALES II\TECLADO_09\LCD_4BIT.INC
   LCD_FinVisualizaDigito   0x0001a4    program     static C:\USERS\ASUS\DOCUMENTS\DIGITALES II\TECLADO_09\LCD_4BIT.INC
              LCD_Mensaje   0x0001a5    program     static C:\USERS\ASUS\DOCUMENTS\DIGITALES II\TECLADO_09\LCD_MENS.INC
LCD_VisualizaOtroCaracter   0x0001a9    program     static C:\USERS\ASUS\DOCUMENTS\DIGITALES II\TECLADO_09\LCD_MENS.INC
     LCD_NoUltimoCaracter   0x0001af    program     static C:\USERS\ASUS\DOCUMENTS\DIGITALES II\TECLADO_09\LCD_MENS.INC
           LCD_FinMensaje   0x0001b2    program     static C:\USERS\ASUS\DOCUMENTS\DIGITALES II\TECLADO_09\LCD_MENS.INC
    LCD_MensajeMovimiento   0x0001b3    program     static C:\USERS\ASUS\DOCUMENTS\DIGITALES II\TECLADO_09\LCD_MENS.INC
      LCD_PrimeraPosicion   0x0001b7    program     static C:\USERS\ASUS\DOCUMENTS\DIGITALES II\TECLADO_09\LCD_MENS.INC
    LCD_VisualizaCaracter   0x0001b9    program     static C:\USERS\ASUS\DOCUMENTS\DIGITALES II\TECLADO_09\LCD_MENS.INC
         LCD_EsFinalLinea   0x0001bd    program     static C:\USERS\ASUS\DOCUMENTS\DIGITALES II\TECLADO_09\LCD_MENS.INC
       LCD_NoEsFinalLinea   0x0001c2    program     static C:\USERS\ASUS\DOCUMENTS\DIGITALES II\TECLADO_09\LCD_MENS.INC
    LCD_NoUltimoCaracter2   0x0001c8    program     static C:\USERS\ASUS\DOCUMENTS\DIGITALES II\TECLADO_09\LCD_MENS.INC
        LCD_FinMovimiento   0x0001cc    program     static C:\USERS\ASUS\DOCUMENTS\DIGITALES II\TECLADO_09\LCD_MENS.INC
         Retardo_10micros   0x0001cd    program     static C:\USERS\ASUS\DOCUMENTS\DIGITALES II\TECLADO_09\RETARDOS.INC
          Retardo_5micros   0x0001d2    program     static C:\USERS\ASUS\DOCUMENTS\DIGITALES II\TECLADO_09\RETARDOS.INC
          Retardo_4micros   0x0001d3    program     static C:\USERS\ASUS\DOCUMENTS\DIGITALES II\TECLADO_09\RETARDOS.INC
        Retardo_500micros   0x0001d4    program     static C:\USERS\ASUS\DOCUMENTS\DIGITALES II\TECLADO_09\RETARDOS.INC
        Retardo_200micros   0x0001d7    program     static C:\USERS\ASUS\DOCUMENTS\DIGITALES II\TECLADO_09\RETARDOS.INC
        Retardo_100micros   0x0001da    program     static C:\USERS\ASUS\DOCUMENTS\DIGITALES II\TECLADO_09\RETARDOS.INC
         Retardo_50micros   0x0001dc    program     static C:\USERS\ASUS\DOCUMENTS\DIGITALES II\TECLADO_09\RETARDOS.INC
         Retardo_20micros   0x0001df    program     static C:\USERS\ASUS\DOCUMENTS\DIGITALES II\TECLADO_09\RETARDOS.INC
            RetardoMicros   0x0001e0    program     static C:\USERS\ASUS\DOCUMENTS\DIGITALES II\TECLADO_09\RETARDOS.INC
            Rmicros_Bucle   0x0001e1    program     static C:\USERS\ASUS\DOCUMENTS\DIGITALES II\TECLADO_09\RETARDOS.INC
            Retardo_200ms   0x0001e4    program     static C:\USERS\ASUS\DOCUMENTS\DIGITALES II\TECLADO_09\RETARDOS.INC
            Retardo_100ms   0x0001e6    program     static C:\USERS\ASUS\DOCUMENTS\DIGITALES II\TECLADO_09\RETARDOS.INC
             Retardo_50ms   0x0001e8    program     static C:\USERS\ASUS\DOCUMENTS\DIGITALES II\TECLADO_09\RETARDOS.INC
             Retardo_20ms   0x0001ea    program     static C:\USERS\ASUS\DOCUMENTS\DIGITALES II\TECLADO_09\RETARDOS.INC
             Retardo_10ms   0x0001ec    program     static C:\USERS\ASUS\DOCUMENTS\DIGITALES II\TECLADO_09\RETARDOS.INC
              Retardo_5ms   0x0001ee    program     static C:\USERS\ASUS\DOCUMENTS\DIGITALES II\TECLADO_09\RETARDOS.INC
              Retardo_2ms   0x0001f0    program     static C:\USERS\ASUS\DOCUMENTS\DIGITALES II\TECLADO_09\RETARDOS.INC
              Retardo_1ms   0x0001f2    program     static C:\USERS\ASUS\DOCUMENTS\DIGITALES II\TECLADO_09\RETARDOS.INC
              Retardos_ms   0x0001f3    program     static C:\USERS\ASUS\DOCUMENTS\DIGITALES II\TECLADO_09\RETARDOS.INC
        R1ms_BucleExterno   0x0001f4    program     static C:\USERS\ASUS\DOCUMENTS\DIGITALES II\TECLADO_09\RETARDOS.INC
        R1ms_BucleInterno   0x0001f6    program     static C:\USERS\ASUS\DOCUMENTS\DIGITALES II\TECLADO_09\RETARDOS.INC
              Retardo_20s   0x0001fc    program     static C:\USERS\ASUS\DOCUMENTS\DIGITALES II\TECLADO_09\RETARDOS.INC
              Retardo_10s   0x0001fe    program     static C:\USERS\ASUS\DOCUMENTS\DIGITALES II\TECLADO_09\RETARDOS.INC
               Retardo_5s   0x000200    program     static C:\USERS\ASUS\DOCUMENTS\DIGITALES II\TECLADO_09\RETARDOS.INC
               Retardo_2s   0x000202    program     static C:\USERS\ASUS\DOCUMENTS\DIGITALES II\TECLADO_09\RETARDOS.INC
               Retardo_1s   0x000204    program     static C:\USERS\ASUS\DOCUMENTS\DIGITALES II\TECLADO_09\RETARDOS.INC
            Retardo_500ms   0x000206    program     static C:\USERS\ASUS\DOCUMENTS\DIGITALES II\TECLADO_09\RETARDOS.INC
          Retardo_1Decima   0x000207    program     static C:\USERS\ASUS\DOCUMENTS\DIGITALES II\TECLADO_09\RETARDOS.INC
   R1Decima_BucleExterno2   0x000208    program     static C:\USERS\ASUS\DOCUMENTS\DIGITALES II\TECLADO_09\RETARDOS.INC
    R1Decima_BucleExterno   0x00020a    program     static C:\USERS\ASUS\DOCUMENTS\DIGITALES II\TECLADO_09\RETARDOS.INC
    R1Decima_BucleInterno   0x00020c    program     static C:\USERS\ASUS\DOCUMENTS\DIGITALES II\TECLADO_09\RETARDOS.INC
           EEPROM_LeeDato   0x000214    program     static C:\USERS\ASUS\DOCUMENTS\DIGITALES II\TECLADO_09\EEPROM.INC
      EEPROM_SigueLeyendo   0x000218    program     static C:\USERS\ASUS\DOCUMENTS\DIGITALES II\TECLADO_09\EEPROM.INC
       EEPROM_EscribeDato   0x00021d    program     static C:\USERS\ASUS\DOCUMENTS\DIGITALES II\TECLADO_09\EEPROM.INC
   EEPROM_TerminaEscribir   0x000229    program     static C:\USERS\ASUS\DOCUMENTS\DIGITALES II\TECLADO_09\EEPROM.INC


